Name         Row count   RAM      Fields
airports     8097        128.6k   rowid, airport, city, country, iatacode, icaocode, latitude, longitude, altitude, timezone, dst, tz
                         
Total RAM                831.2k
